{
  "status": "HALTED",
  "pc": 36,
  "steps": 36,
  "state_sha256": "a069df2b4f282e7fd4ee02ed42a4e7c4b782ce5b0b3821255095b7f889bb09ae",
  "registers_hex": [
    "0x0",
    "0x3",
    "0x3",
    "0x5",
    "0x2ce4",
    "0x0",
    "0x0",
    "0x0",
    "0x0",
    "0x0",
    "0x0",
    "0x0",
    "0x0",
    "0x0",
    "0x0",
    "0x0"
  ],
  "memory_sha256": "ad7facb2586fc6e966c004d7d1d16b024f5805ff7cb47c7a85dabd8b48892ca7",
  "stack_depth": 0,
  "output_b64": "",
  "trace_sha256": "ee7c5e496945e111f5129f6b0566dbe5bca00b0c61588b4a3d13e02ca7d11cab",
  "world": {
    "schema": "QVM-RCPW-WORLD/1",
    "version": "7.0.0-operational-reference-315",
    "tick": 0,
    "world_age": 0,
    "era": "ERA_0",
    "regions": 3,
    "entities": 7,
    "settlements": 2,
    "authority_wells": 0,
    "archived_regions": 0,
    "ledger_events": 3,
    "state_sha256": "7238e29b6e8be8878899c79d86b98ad0901068ba4079ba599d352976615dab39",
    "ledger_head": "7582bb7788418a243c284939bffdf3cee884dfa6a8911c0b0161f2d1b0506445",
    "invariant_errors": [],
    "runtime_abi_version": 3,
    "scheduler_version": "RCPW-SCHED/3",
    "fold_policy_version": "c2-compactification/2",
    "save_schema": "QVM-RCPW-SAVE/2",
    "transition_schema": "RCPW-TRANSITION/3",
    "archive_schema": "RCPW-ARCHIVE/3",
    "presentation_schema": "RCPW-PRESENTATION/2",
    "operational_reference_315": true,
    "semantic_graph_version": 1,
    "world_era_index": 0,
    "world_age_days": 0
  }
}
