{
  "status": "HALTED",
  "pc": 12,
  "steps": 12,
  "state_sha256": "8f7bb77e45ddb4474343f3f5a891b20fbd5fa3104fa8a78b34b02bf8a2de307d",
  "registers_hex": [
    "0x41",
    "0x7",
    "0x5",
    "0xc",
    "0xc",
    "0x0",
    "0xc",
    "0x0",
    "0x0",
    "0x0",
    "0x0",
    "0x0",
    "0x0",
    "0x0",
    "0x0",
    "0x0"
  ],
  "memory_sha256": "29856744c929de4def48218209a2e63b31e213f3573e5334822c55794f8d7178",
  "stack_depth": 0,
  "output_b64": "QQ==",
  "trace_sha256": "b0f5118b740873898924df298777147c583f8bccee8fa81128653eeceb508ddb"
}
